{"file": "/Users/cabraham/code/sources/voice/Calls/+12022236843 - Text - 2011-09-06T21_39_30Z.html", "error": "senderName: Google Voice didn't match either known participant: +12022236843,Me"}{"file": "/Users/cabraham/code/sources/voice/Calls/+12082721781 - Text - 2011-08-27T08_25_17Z.html", "error": "'ascii' codec can't encode characters in position 1-6: ordinal not in range(128)"}{"file": "/Users/cabraham/code/sources/voice/Calls/+12084525867 - Text - 2010-08-04T04_36_14Z.html", "error": "senderName: Google Voice didn't match either known participant: +12084525867,Me"}{"file": "/Users/cabraham/code/sources/voice/Calls/+1208598247 - Text - 2010-04-13T04_26_39Z.html", "error": "senderName: Google Voice didn't match either known participant: +1208598247,Me"}{"file": "/Users/cabraham/code/sources/voice/Calls/+13617262823 - Text - 2013-06-20T22_04_13Z.html", "error": "'ascii' codec can't encode character u'\\xfc' in position 19: ordinal not in range(128)"}{"file": "/Users/cabraham/code/sources/voice/Calls/+15163908903 - Text - 2011-07-23T01_00_49Z.html", "error": "senderName: Google Voice didn't match either known participant: +15163908903,Me"}{"file": "/Users/cabraham/code/sources/voice/Calls/+17138196656 - Text - 2012-08-07T14_46_30Z.html", "error": "'ascii' codec can't encode character u'\\xe9' in position 36: ordinal not in range(128)"}{"file": "/Users/cabraham/code/sources/voice/Calls/+6025207 - Text - 2010-03-27T04_49_57Z.html", "error": "senderName: Google Voice didn't match either known participant: +6025207,Me"}{"file": "/Users/cabraham/code/sources/voice/Calls/+7835382597 - Text - 2010-06-26T22_13_32Z.html", "error": "senderName: Google Voice didn't match either known participant: +7835382597,Me"}{"file": "/Users/cabraham/code/sources/voice/Calls/242242 - Text - 2009-08-05T06_58_00Z.html", "error": "senderName: Google Voice didn't match either known participant: 242242,Me"}{"file": "/Users/cabraham/code/sources/voice/Calls/6245 - Text - 2012-03-09T17_25_57Z.html", "error": "'ascii' codec can't encode character u'\\xa1' in position 12: ordinal not in range(128)"}{"file": "/Users/cabraham/code/sources/voice/Calls/6245 - Text - 2012-03-11T04_31_33Z.html", "error": "'ascii' codec can't encode character u'\\xa1' in position 15: ordinal not in range(128)"}{"file": "/Users/cabraham/code/sources/voice/Calls/6245 - Text - 2012-03-13T19_48_18Z.html", "error": "'ascii' codec can't encode character u'\\xa1' in position 13: ordinal not in range(128)"}{"file": "/Users/cabraham/code/sources/voice/Calls/9099 - Text - 2012-03-27T18_11_37Z.html", "error": "'ascii' codec can't encode character u'\\xdc' in position 131: ordinal not in range(128)"}{"file": "/Users/cabraham/code/sources/voice/Calls/Ashley Vincent  - Text - 2011-11-13T20_47_48Z.html", "error": "senderName: Google Voice didn't match either known participant: Ashley Vincent,Me"}{"file": "/Users/cabraham/code/sources/voice/Calls/Chandler Abraham - Text - 2010-02-05T09_29_35Z.html", "error": "'ascii' codec can't encode characters in position 0-139: ordinal not in range(128)"}{"file": "/Users/cabraham/code/sources/voice/Calls/Chandler Abraham - Text - 2011-08-27T08_23_43Z.html", "error": "'ascii' codec can't encode characters in position 0-6: ordinal not in range(128)"}{"file": "/Users/cabraham/code/sources/voice/Calls/Chandler Abraham - Text - 2013-02-27T23_05_40Z.html", "error": "'ascii' codec can't encode characters in position 1-7: ordinal not in range(128)"}{"file": "/Users/cabraham/code/sources/voice/Calls/Chrissy! - Text - 2012-05-04T18_01_45Z.html", "error": "'ascii' codec can't encode character u'\\u2026' in position 21: ordinal not in range(128)"}{"file": "/Users/cabraham/code/sources/voice/Calls/Chrissy! - Text - 2013-03-29T04_57_02Z.html", "error": "'ascii' codec can't encode character u'\\uff08' in position 29: ordinal not in range(128)"}{"file": "/Users/cabraham/code/sources/voice/Calls/cody waters - Text - 2010-06-02T22_04_03Z.html", "error": "senderName: Google Voice didn't match either known participant: cody waters,Me"}{"file": "/Users/cabraham/code/sources/voice/Calls/Damian Ball - Text - 2011-12-16T05_10_13Z.html", "error": "'ascii' codec can't encode character u'\\xa1' in position 0: ordinal not in range(128)"}{"file": "/Users/cabraham/code/sources/voice/Calls/Dan Knapp - Text - 2011-12-18T22_20_23Z.html", "error": "'ascii' codec can't encode character u'\\xa4' in position 13: ordinal not in range(128)"}{"file": "/Users/cabraham/code/sources/voice/Calls/Emily RS - Text - 2012-01-01T01_55_51Z.html", "error": "senderName: Google Voice didn't match either known participant: Emily RS,Me"}{"file": "/Users/cabraham/code/sources/voice/Calls/Emily RS - Text - 2012-01-27T19_14_24Z.html", "error": "'ascii' codec can't encode character u'\\xa7' in position 3: ordinal not in range(128)"}{"file": "/Users/cabraham/code/sources/voice/Calls/Emily RS - Text - 2012-03-04T20_35_28Z.html", "error": "'ascii' codec can't encode character u'\\xa4' in position 48: ordinal not in range(128)"}{"file": "/Users/cabraham/code/sources/voice/Calls/Evadne - Text - 2012-12-15T02_50_51Z.html", "error": "'ascii' codec can't encode characters in position 0-1: ordinal not in range(128)"}{"file": "/Users/cabraham/code/sources/voice/Calls/Evadne - Text - 2013-04-30T06_26_41Z.html", "error": "'ascii' codec can't encode character u'\\u2019' in position 10: ordinal not in range(128)"}{"file": "/Users/cabraham/code/sources/voice/Calls/Hyun Kim - Text - 2010-12-04T10_27_03Z.html", "error": "'ascii' codec can't encode character u'\\xe9' in position 3: ordinal not in range(128)"}{"file": "/Users/cabraham/code/sources/voice/Calls/Jessica Drillon - Text - 2013-01-27T23_54_16Z.html", "error": "'ascii' codec can't encode characters in position 0-1: ordinal not in range(128)"}{"file": "/Users/cabraham/code/sources/voice/Calls/Kate Marie Mills - Text - 2012-08-12T01_42_40Z.html", "error": "'ascii' codec can't encode character u'\\u2026' in position 4: ordinal not in range(128)"}{"file": "/Users/cabraham/code/sources/voice/Calls/Lauren Schaffer - Text - 2011-03-13T19_52_50Z.html", "error": "'ascii' codec can't encode character u'\\u2026' in position 75: ordinal not in range(128)"}{"file": "/Users/cabraham/code/sources/voice/Calls/Laurie Heath - Text - 2010-08-15T17_17_55Z.html", "error": "senderName: Google Voice didn't match either known participant: Laurie Heath,Me"}{"file": "/Users/cabraham/code/sources/voice/Calls/Lorena Davis - Text - 2010-08-01T16_36_54Z.html", "error": "'ascii' codec can't encode characters in position 0-2: ordinal not in range(128)"}{"file": "/Users/cabraham/code/sources/voice/Calls/Lorena Davis - Text - 2010-08-24T15_19_44Z.html", "error": "'ascii' codec can't encode characters in position 3-9: ordinal not in range(128)"}{"file": "/Users/cabraham/code/sources/voice/Calls/Lorena Davis - Text - 2010-08-25T16_41_35Z.html", "error": "'ascii' codec can't encode character u'\\xf1' in position 26: ordinal not in range(128)"}{"file": "/Users/cabraham/code/sources/voice/Calls/Lorena Davis - Text - 2010-11-04T16_04_59Z.html", "error": "'ascii' codec can't encode characters in position 63-64: ordinal not in range(128)"}{"file": "/Users/cabraham/code/sources/voice/Calls/Lorena Davis - Text - 2011-11-19T23_02_55Z.html", "error": "'ascii' codec can't encode character u'\\xe9' in position 127: ordinal not in range(128)"}{"file": "/Users/cabraham/code/sources/voice/Calls/Lorena Davis - Text - 2011-11-27T06_26_01Z.html", "error": "'ascii' codec can't encode character u'\\xa7' in position 11: ordinal not in range(128)"}{"file": "/Users/cabraham/code/sources/voice/Calls/Lorena Davis - Text - 2011-12-19T19_43_30Z.html", "error": "'ascii' codec can't encode character u'\\xa0' in position 66: ordinal not in range(128)"}{"file": "/Users/cabraham/code/sources/voice/Calls/Lorena Davis - Text - 2012-01-02T18_23_44Z.html", "error": "'ascii' codec can't encode character u'\\xe9' in position 11: ordinal not in range(128)"}{"file": "/Users/cabraham/code/sources/voice/Calls/Lorena Davis - Text - 2012-04-13T20_50_48Z.html", "error": "'ascii' codec can't encode characters in position 19-22: ordinal not in range(128)"}{"file": "/Users/cabraham/code/sources/voice/Calls/Lorena Davis - Text - 2012-04-24T21_30_34Z.html", "error": "'ascii' codec can't encode character u'\\xe9' in position 15: ordinal not in range(128)"}{"file": "/Users/cabraham/code/sources/voice/Calls/Lorena Davis - Text - 2012-11-20T19_01_20Z.html", "error": "'ascii' codec can't encode character u'\\xf3' in position 18: ordinal not in range(128)"}{"file": "/Users/cabraham/code/sources/voice/Calls/Lorena Davis - Text - 2012-12-26T19_59_59Z.html", "error": "'ascii' codec can't encode character u'\\u2013' in position 43: ordinal not in range(128)"}{"file": "/Users/cabraham/code/sources/voice/Calls/Lorena Davis - Text - 2012-12-31T18_21_27Z.html", "error": "'ascii' codec can't encode characters in position 0-1: ordinal not in range(128)"}{"file": "/Users/cabraham/code/sources/voice/Calls/Lorena Davis - Text - 2013-01-08T19_30_27Z.html", "error": "'ascii' codec can't encode characters in position 0-1: ordinal not in range(128)"}{"file": "/Users/cabraham/code/sources/voice/Calls/Lorena Davis - Text - 2013-01-25T02_38_50Z.html", "error": "'ascii' codec can't encode characters in position 54-55: ordinal not in range(128)"}{"file": "/Users/cabraham/code/sources/voice/Calls/Lorena Davis - Text - 2013-04-17T22_31_12Z.html", "error": "'ascii' codec can't encode character u'\\xb7' in position 3: ordinal not in range(128)"}{"file": "/Users/cabraham/code/sources/voice/Calls/Lorena Davis - Text - 2013-07-15T01_17_54Z.html", "error": "'ascii' codec can't encode characters in position 30-31: ordinal not in range(128)"}{"file": "/Users/cabraham/code/sources/voice/Calls/Lorena Home - Text - 2010-05-11T03_09_41Z.html", "error": "senderName: Google Voice didn't match either known participant: Lorena Home,Me"}{"file": "/Users/cabraham/code/sources/voice/Calls/Marji Wilson - Text - 2011-11-29T20_01_28Z.html", "error": "'ascii' codec can't encode character u'\\xa4' in position 19: ordinal not in range(128)"}{"file": "/Users/cabraham/code/sources/voice/Calls/Marji Wilson - Text - 2011-12-21T22_47_55Z.html", "error": "'ascii' codec can't encode characters in position 98-103: ordinal not in range(128)"}{"file": "/Users/cabraham/code/sources/voice/Calls/Marji Wilson - Text - 2012-01-08T01_22_39Z.html", "error": "'ascii' codec can't encode character u'\\xfc' in position 15: ordinal not in range(128)"}{"file": "/Users/cabraham/code/sources/voice/Calls/Marji Wilson - Text - 2012-01-19T15_38_26Z.html", "error": "'ascii' codec can't encode character u'\\xa1' in position 4: ordinal not in range(128)"}{"file": "/Users/cabraham/code/sources/voice/Calls/Marji Wilson - Text - 2012-02-03T18_08_12Z.html", "error": "'ascii' codec can't encode character u'\\u2026' in position 57: ordinal not in range(128)"}{"file": "/Users/cabraham/code/sources/voice/Calls/Marji Wilson - Text - 2012-02-22T15_38_55Z.html", "error": "'ascii' codec can't encode character u'\\xa7' in position 53: ordinal not in range(128)"}{"file": "/Users/cabraham/code/sources/voice/Calls/Marji Wilson - Text - 2012-03-05T21_21_52Z.html", "error": "'ascii' codec can't encode character u'\\xa7' in position 30: ordinal not in range(128)"}{"file": "/Users/cabraham/code/sources/voice/Calls/Marji Wilson - Text - 2012-03-21T17_33_29Z.html", "error": "'ascii' codec can't encode character u'\\xa4' in position 6: ordinal not in range(128)"}{"file": "/Users/cabraham/code/sources/voice/Calls/Marji Wilson - Text - 2012-03-23T13_56_11Z.html", "error": "'ascii' codec can't encode character u'\\xa7' in position 36: ordinal not in range(128)"}{"file": "/Users/cabraham/code/sources/voice/Calls/Marji Wilson - Text - 2012-04-24T21_39_02Z.html", "error": "'ascii' codec can't encode character u'\\xa7' in position 83: ordinal not in range(128)"}{"file": "/Users/cabraham/code/sources/voice/Calls/Mattea York - Text - 2011-12-18T20_14_55Z.html", "error": "'ascii' codec can't encode character u'\\xa4' in position 111: ordinal not in range(128)"}{"file": "/Users/cabraham/code/sources/voice/Calls/Mattea York - Text - 2012-01-21T19_29_58Z.html", "error": "'ascii' codec can't encode character u'\\xa4' in position 65: ordinal not in range(128)"}{"file": "/Users/cabraham/code/sources/voice/Calls/Mattea York - Text - 2012-01-27T18_20_03Z.html", "error": "'ascii' codec can't encode character u'\\xa4' in position 11: ordinal not in range(128)"}{"file": "/Users/cabraham/code/sources/voice/Calls/Mattea York - Text - 2012-02-03T18_55_14Z.html", "error": "'ascii' codec can't encode character u'\\u2026' in position 57: ordinal not in range(128)"}{"file": "/Users/cabraham/code/sources/voice/Calls/Mattea York - Text - 2012-02-07T22_51_48Z.html", "error": "'ascii' codec can't encode character u'\\u2019' in position 12: ordinal not in range(128)"}{"file": "/Users/cabraham/code/sources/voice/Calls/mattson - Text - 2011-12-06T20_51_40Z.html", "error": "senderName: Google Voice didn't match either known participant: mattson,Me"}{"file": "/Users/cabraham/code/sources/voice/Calls/mom - Text - 2011-11-28T17_37_45Z.html", "error": "'ascii' codec can't encode character u'\\xa4' in position 12: ordinal not in range(128)"}{"file": "/Users/cabraham/code/sources/voice/Calls/mom - Text - 2011-12-06T01_42_02Z.html", "error": "'ascii' codec can't encode character u'\\xa1' in position 0: ordinal not in range(128)"}{"file": "/Users/cabraham/code/sources/voice/Calls/mom - Text - 2012-01-26T21_08_34Z.html", "error": "'ascii' codec can't encode character u'\\xa1' in position 0: ordinal not in range(128)"}{"file": "/Users/cabraham/code/sources/voice/Calls/mom - Text - 2012-06-24T00_42_58Z.html", "error": "'ascii' codec can't encode characters in position 16-23: ordinal not in range(128)"}{"file": "/Users/cabraham/code/sources/voice/Calls/mom - Text - 2012-11-15T22_14_11Z.html", "error": "'ascii' codec can't encode characters in position 2-3: ordinal not in range(128)"}{"file": "/Users/cabraham/code/sources/voice/Calls/mom - Text - 2012-12-21T23_23_38Z.html", "error": "'ascii' codec can't encode characters in position 9-10: ordinal not in range(128)"}{"file": "/Users/cabraham/code/sources/voice/Calls/mom - Text - 2013-01-12T20_28_19Z.html", "error": "'ascii' codec can't encode character u'\\u2022' in position 41: ordinal not in range(128)"}{"file": "/Users/cabraham/code/sources/voice/Calls/Nick Allen - Text - 2012-04-02T17_38_54Z.html", "error": "'ascii' codec can't encode character u'\\xa0' in position 288: ordinal not in range(128)"}{"file": "/Users/cabraham/code/sources/voice/Calls/Olivia Pei - Text - 2013-06-30T17_45_58Z.html", "error": "'ascii' codec can't encode character u'\\u2764' in position 29: ordinal not in range(128)"}{"file": "/Users/cabraham/code/sources/voice/Calls/Ricky Keneddy - Text - 2011-05-06T20_14_47Z.html", "error": "'ascii' codec can't encode character u'\\u200e' in position 40: ordinal not in range(128)"}{"file": "/Users/cabraham/code/sources/voice/Calls/Sabrina Dotto - Text - 2012-01-02T17_01_21Z.html", "error": "'ascii' codec can't encode character u'\\xa1' in position 22: ordinal not in range(128)"}{"file": "/Users/cabraham/code/sources/voice/Calls/Tracy Sword - Text - 2010-02-22T15_48_30Z.html", "error": "'ascii' codec can't encode character u'\\u200e' in position 32: ordinal not in range(128)"}{"file": "/Users/cabraham/code/sources/voice/Calls/Tracy Sword - Text - 2011-12-20T07_30_06Z.html", "error": "'ascii' codec can't encode character u'\\xa1' in position 48: ordinal not in range(128)"}{"file": "/Users/cabraham/code/sources/voice/Calls/Tracy Sword - Text - 2012-05-09T16_30_32Z.html", "error": "'ascii' codec can't encode character u'\\xa7' in position 23: ordinal not in range(128)"}